// Jest Snapshot v1, https://goo.gl/fbAQLP

exports[`TourKitOverlay should render 1`] = `
<div
  className="tour-kit-overlay"
/>
`;
