// Jest Snapshot v1, https://goo.gl/fbAQLP

exports[`Gutenberg should render 1`] = `
<Main
  className="devdocs devdocs__gutenberg-blocks"
>
  <Connect(DocumentHead)
    title="Gutenberg Blocks"
  />
  <ReadmeViewer
    readmeFilePath="/client/devdocs/gutenberg-blocks/README.md"
  />
</Main>
`;
